smartctl 5.43 2012-06-30 r3573 [x86_64-linux-3.8.0-33-generic] (local build)
Copyright (C) 2002-12 by Bruce Allen, http://smartmontools.sourceforge.net

Vendor:               TOSHIBA 
Product:              MBF2600RC       
Revision:             0108
User Capacity:        600,127,266,816 bytes [600 GB]
Logical block size:   512 bytes
Logical Unit id:      0x50000392f8094514
Serial number:        EA00PAC069V7
Device type:          disk
Transport protocol:   SAS
Local Time is:        Thu Mar  6 22:03:32 2014 UTC
Device supports SMART and is Disabled
Temperature Warning Disabled or Not Supported
SMART Health Status: SERVO IMPENDING FAILURE SEEK ERROR RATE TOO HIGH [asc=5d, ascq=43]

Current Drive Temperature:     28 C
Drive Trip Temperature:        65 C
Manufactured in week 49 of year 2010
Specified cycle count over device lifetime:  50000
Accumulated start-stop cycles:  128
Specified load-unload count over device lifetime:  200000
Accumulated load-unload cycles:  81
Elements in grown defect list: 0

Error counter log:
           Errors Corrected by           Total   Correction     Gigabytes    Total
               ECC          rereads/    errors   algorithm      processed    uncorrected
           fast | delayed   rewrites  corrected  invocations   [10^9 bytes]  errors
read:          0      368         8         0          0     320547.263           8
write:         0       94         0         0          0      12623.228           0
verify:        0        0         0         0          0      14125.495           0

Non-medium error count:      169
No self-tests have been logged
Long (extended) Self Test duration: 5358 seconds [89.3 minutes]
